
Err:
Error: config YAML was invalid:
	project config defined for path: [../../examples/terraform] is invalid:
		a_bad_key is not a valid project configuration option
		second_bad_key is not a valid project configuration option
	project config defined for path: [../../examples/test] is invalid:
		a_further_bad_key is not a valid project configuration option