
Err:
Error: error no projects specified in config YAML, please specify at least one project