
 Name                                                            Monthly Qty  Unit   Monthly Cost 
                                                                                                  
 azurerm_point_to_site_vpn_gateway.point_to_site_vpn                                              
 └─ P2S scale units                                                    3,650  hours     $1,317.65 
                                                                                                  
 azurerm_point_to_site_vpn_gateway.point_to_site_vpn_with_usage                                   
 ├─ P2S scale units                                                    3,650  hours     $1,317.65 
 └─ P2S connections                                                    6,570  hours        $82.13 
                                                                                                  
 OVERALL TOTAL                                                                          $2,717.43 
──────────────────────────────────
6 cloud resources were detected:
∙ 2 were estimated, 2 include usage-based costs, see https://infracost.io/usage-file
∙ 1 wasn't estimated, report it in https://github.com/infracost/infracost:
  ∙ 1 x azurerm_vpn_server_configuration
∙ 3 were free:
  ∙ 1 x azurerm_resource_group
  ∙ 1 x azurerm_virtual_hub
  ∙ 1 x azurerm_virtual_wan